[mca@localhost ~]$ mySQL 24mca46
Enter password: 
Welcome to the MySQL monitor.  Commands end with ; or \g.
Your MySQL connection id is 38
Server version: 8.0.41 Source distribution

Copyright (c) 2000, 2024, Oracle and/or its affiliates.

Oracle is a registered trademark of Oracle Corporation and/or its
affiliates. Other names may be trademarks of their respective
owners.

Type 'help;' or '\h' for help. Type '\c' to clear the current input statement.

mysql> use 24mca46
Reading table information for completion of table and column names
You can turn off this feature to get a quicker startup with -A

Database changed
mysql> show tables;
+-------------------+
| Tables_in_24mca46 |
+-------------------+
| books             |
| issues            |
| library           |
| members           |
| publishers        |
| returns           |
+-------------------+
6 rows in set (0.00 sec)

mysql> sect * from books;
ERROR 1064 (42000): You have an error in your SQL syntax; check the manual that corresponds to your MySQL server version for the right syntax to use near 'sect * from books' at line 1
mysql> select * from books;
+-------+---------------------------+---------------+-------+-----------+--------------+-------------+
| accno | title                     | author        | price | type      | availability | publisherid |
+-------+---------------------------+---------------+-------+-----------+--------------+-------------+
|     1 | Learn SQL                 | John Doe      | 29.99 | lending   | yes          |           1 |
|     2 | Advanced Database Systems | Jane Smith    | 49.99 | reference | yes          |           2 |
|     3 | Python Programming        | Alice Johnson | 39.50 | lending   | no           |           3 |
|     4 | Data Structures           | Bob Brown     | 19.95 | lending   | yes          |           4 |
|     5 | Machine Learning Basics   | Charlie Davis | 59.75 | reference | no           |           5 |
+-------+---------------------------+---------------+-------+-----------+--------------+-------------+
5 rows in set (0.00 sec)

mysql> create trigger checkprice before update on books;
ERROR 1064 (42000): You have an error in your SQL syntax; check the manual that corresponds to your MySQL server version for the right syntax to use near '' at line 1
mysql> create trigger checkprice before update on books begin 
    -> if new price>1000 then 
    -> print"updation not possible"
    -> end if 
    -> end
    -> ;
ERROR 1064 (42000): You have an error in your SQL syntax; check the manual that corresponds to your MySQL server version for the right syntax to use near 'begin 
if new price>1000 then 
print"updation not possible"
end if 
end' at line 1
mysql> create trigger checkprice before update on books begin  if new.price>1000
 then  print"updation not possible" end if  end;
ERROR 1064 (42000): You have an error in your SQL syntax; check the manual that corresponds to your MySQL server version for the right syntax to use near 'begin  if new.price>1000 then  print"updation not possible" end if  end' at line 1
mysql> create trigger checkprice before update on books begin  if new.price>1000 then  print "updation not possible" end if  end;
ERROR 1064 (42000): You have an error in your SQL syntax; check the manual that corresponds to your MySQL server version for the right syntax to use near 'begin  if new.price>1000 then  print "updation not possible" end if  end' at line 1
mysql> DELIMITER $$
mysql> 
mysql> CREATE PROCEDURE GetBookPrice(IN bookTitle VARCHAR(100))
    -> BEGIN
    ->     SELECT CONCAT('The price of "', title, '" is $', FORMAT(price, 2)) AS BookPrice
    ->     FROM books
    ->     WHERE title = bookTitle;
    -> END $$
Query OK, 0 rows affected (0.00 sec)

mysql> 
mysql> DELIMITER ;
mysql> DELIMITER $$
mysql> 
mysql> CREATE TRIGGER checkprice BEFORE UPDATE ON books
    -> FOR EACH ROW
    -> BEGIN
    ->     IF NEW.price > 1000 THEN
    ->         SIGNAL SQLSTATE '45000'
    ->         SET MESSAGE_TEXT = 'Updation not possible: Price exceeds limit.';
    ->     END IF;
    -> END$$
Query OK, 0 rows affected (0.01 sec)

mysql> 
mysql> DELIMITER ;
mysql> mysql> DELIMITER $$
mysql> 
mysql> CREATE FUNCTION CalculateFine(delayed_days INT, fine_per_day DECIMAL(10, 2))
    -> RETURNS DECIMAL(10, 2)
    -> DETERMINISTIC
    -> BEGIN
    ->     DECLARE total_fine DECIMAL(10, 2);
    ->     SET total_fine = delayed_days * fine_per_day;
    ->     RETURN total_fine;
    -> END$$
Query OK, 0 rows affected (0.00 sec)

mysql> 
mysql> DELIMITER ;
mysql> SELECT CalculateFine(5, 2.50) AS TotalFine;
+-----------+
| TotalFine |
+-----------+
|     12.50 |
+-----------+
1 row in set (0.00 sec)

mysql> CALL GetBookPrice('To Kill a Mockingbird');
Empty set (0.01 sec)

Query OK, 0 rows affected (0.01 sec)

mysql> display_book_price("To Kill a Mockingbird", 15.99)
    -> ;
ERROR 1064 (42000): You have an error in your SQL syntax; check the manual that corresponds to your MySQL server version for the right syntax to use near 'display_book_price("To Kill a Mockingbird", 15.99)' at line 1
mysql> DELIMITER $$
mysql> 
mysql> CREATE TRIGGER set_availability_before_insert
    -> AFTER INSERT ON issues
    -> FOR EACH ROW
    -> BEGIN
    ->     UPDATE books
    ->     SET availability = 'No'
    ->     WHERE book_id = NEW.book_id;
    -> END$$
ERROR 1054 (42S22): Unknown column 'book_id' in 'NEW'
mysql> 
mysql> DELIMITER ;
mysql> CREATE FUNCTION CalculateFine(delayed_days INT, fine_per_day DECIMAL(10, 2)) RETURNS DECIMAL(10, 2) DETERMINISTIC BEGIN     DECLARE total_fine DECIMAL(10, 2);     SET total_fine = delayed_days * fine_per_day;     RETURN total_fine; END$$
ERROR 1064 (42000): You have an error in your SQL syntax; check the manual that corresponds to your MySQL server version for the right syntax to use near '' at line 1
ERROR 1193 (HY000): Unknown system variable 'total_fine'
ERROR 1064 (42000): You have an error in your SQL syntax; check the manual that corresponds to your MySQL server version for the right syntax to use near 'RETURN total_fine' at line 1
    -> CREATE TRIGGER set_availability_before_insert AFTER INSERT ON issues FOR EACH ROW BEGIN     UPDATE books     SET availability = 'No'     WHERE bookid = NEW.bookid; END$$
ERROR 1064 (42000): You have an error in your SQL syntax; check the manual that corresponds to your MySQL server version for the right syntax to use near 'END$$
CREATE TRIGGER set_availability_before_insert AFTER INSERT ON issues FOR E' at line 1
    -> DELIMITER $$
    -> 
    -> CREATE PROCEDURE GetBookPrice(IN bookTitle VARCHAR(100))
    -> BEGIN
    ->     SELECT CONCAT('The price of "', title, '" is $', FORMAT(price, 2)) AS BookPrice
    ->     FROM books
    ->     WHERE title = bookTitle;
ERROR 1064 (42000): You have an error in your SQL syntax; check the manual that corresponds to your MySQL server version for the right syntax to use near 'END$$
DELIMITER $$
CREATE PROCEDURE GetBookPrice(IN bookTitle VARCHAR(100))
BEGI' at line 1
mysql> END $$
    -> 
    -> DELIMITER ;
ERROR 1064 (42000): You have an error in your SQL syntax; check the manual that corresponds to your MySQL server version for the right syntax to use near 'END $$

DELIMITER' at line 1
mysql> DELIMITER $$
mysql> 
mysql> CREATE PROCEDURE GetBookPrice(IN bookTitle VARCHAR(100))
    -> BEGIN
    ->     SELECT CONCAT('The price of "', title, '" is $', FORMAT(price, 2)) AS BookPrice
    ->     FROM books
    ->     WHERE title = bookTitle;
    -> END $$
ERROR 1304 (42000): PROCEDURE GetBookPrice already exists
mysql> 
mysql> DELIMITER ;
mysql> CALL GetBookPrice('To Kill a Mockingbird');
Empty set (0.00 sec)

Query OK, 0 rows affected (0.00 sec)

mysql> 



